\BOOKMARK [1][-]{section*.1}{\376\377\000A\000b\000s\000t\000r\000a\000c\000t}{}% 1
\BOOKMARK [1][-]{section.1}{\376\377\0001\000\040\137\025\212\000}{}% 2
\BOOKMARK [1][-]{section.2}{\376\377\0002\000\040\166\370\121\163\135\345\117\134}{}% 3
\BOOKMARK [2][-]{subsection.2.1}{\376\377\0002\000.\0001\000\040\213\241\145\366\116\000\201\364\140\047\116\016\123\112\232\154\134\024\123\357\131\053}{section.2}% 4
\BOOKMARK [2][-]{subsection.2.2}{\376\377\0002\000.\0002\000\040\177\121\176\334\142\245\145\207\134\102\162\266\140\001\147\072}{section.2}% 5
\BOOKMARK [2][-]{subsection.2.3}{\376\377\0002\000.\0003\000\040\217\336\176\355\143\247\122\066\134\102\116\016\117\341\140\157\162\151\164\006\133\211\121\150}{section.2}% 6
\BOOKMARK [2][-]{subsection.2.4}{\376\377\0002\000.\0004\000\040\136\217\122\027\150\300\232\214\060\001\121\161\137\142\230\204\155\113\116\016\226\220\205\075\145\073\121\373\165\114}{section.2}% 7
\BOOKMARK [2][-]{subsection.2.5}{\376\377\0002\000.\0005\000\040\217\307\172\013\143\026\143\230\116\055\166\204\116\000\201\364\140\047\150\300\147\345}{section.2}% 8
\BOOKMARK [2][-]{subsection.2.6}{\376\377\0002\000.\0006\000\040\147\054\145\207\133\232\117\115}{section.2}% 9
\BOOKMARK [1][-]{section.3}{\376\377\0003\000\040\174\373\176\337\152\041\127\213\116\016\132\001\200\301}{}% 10
\BOOKMARK [2][-]{subsection.3.1}{\376\377\0003\000.\0001\000\040\124\175\116\344\040\023\162\266\140\001\126\336\163\257}{section.3}% 11
\BOOKMARK [2][-]{subsection.3.2}{\376\377\0003\000.\0002\000\040\124\175\116\344\215\046\147\054\116\016\123\357\210\114\140\047\143\251\170\001}{section.3}% 12
\BOOKMARK [2][-]{subsection.3.3}{\376\377\0003\000.\0003\000\040\145\073\121\373\174\173\127\213\116\016\220\032\220\123\211\206\166\326}{section.3}% 13
\BOOKMARK [2][-]{subsection.3.4}{\376\377\0003\000.\0004\000\040\150\300\155\113\225\356\230\230}{section.3}% 14
\BOOKMARK [1][-]{section.4}{\376\377\0004\000\040\150\300\155\113\145\271\154\325}{}% 15
\BOOKMARK [2][-]{subsection.4.1}{\376\377\0004\000.\0001\000\040\140\073\117\123\147\266\147\204}{section.4}% 16
\BOOKMARK [2][-]{subsection.4.2}{\376\377\0004\000.\0002\000\040\170\154\134\102\123\357\210\114\140\047\116\016\124\175\116\344\040\023\124\315\136\224}{section.4}% 17
\BOOKMARK [2][-]{subsection.4.3}{\376\377\0004\000.\0003\000\040\176\323\147\204\220\032\220\123}{section.4}% 18
\BOOKMARK [2][-]{subsection.4.4}{\376\377\0004\000.\0004\000\040\123\112\232\154\134\024\123\357\131\053\145\366\136\217\220\032\220\123}{section.4}% 19
\BOOKMARK [2][-]{subsection.4.5}{\376\377\0004\000.\0005\000\040\121\161\137\142\150\041\121\306\116\016\136\217\215\057\175\057\171\357}{section.4}% 20
\BOOKMARK [2][-]{subsection.4.6}{\376\377\0004\000.\0006\000\040\225\350\143\247\146\364\145\260\116\016\131\015\147\102\136\246}{section.4}% 21
\BOOKMARK [1][-]{section.5}{\376\377\0005\000\040\164\006\213\272\122\006\147\220}{}% 22
\BOOKMARK [2][-]{subsection.5.1}{\376\377\0005\000.\0001\000\040\122\006\136\003\127\213\145\366\225\177\116\016\145\366\224\237\133\210\123\153}{section.5}% 23
\BOOKMARK [2][-]{subsection.5.2}{\376\377\0005\000.\0002\000\040\211\304\220\177\150\300\155\113\166\204\142\242\215\321\221\317\116\012\165\114}{section.5}% 24
\BOOKMARK [1][-]{section.6}{\376\377\0006\000\040\133\236\232\214\213\304\117\060}{}% 25
\BOOKMARK [2][-]{subsection.6.1}{\376\377\0006\000.\0001\000\040\213\276\177\156}{section.6}% 26
\BOOKMARK [2][-]{subsection.6.2}{\376\377\0006\000.\0002\000\040\116\016\213\241\145\366\201\352\122\250\147\072\123\312\123\112\232\154\134\024\123\357\131\053\166\204\133\371\161\147}{section.6}% 27
\BOOKMARK [2][-]{subsection.6.3}{\376\377\0006\000.\0003\000\040\155\210\207\215}{section.6}% 28
\BOOKMARK [2][-]{subsection.6.4}{\376\377\0006\000.\0004\000\040\142\242\215\321\221\317\116\016\164\006\213\272\165\114}{section.6}% 29
\BOOKMARK [2][-]{subsection.6.5}{\376\377\0006\000.\0005\000\040\131\004\164\006\145\366\136\366}{section.6}% 30
\BOOKMARK [1][-]{section.7}{\376\377\0007\000\040\176\323\213\272}{}% 31
\BOOKMARK [1][-]{section*.17}{\376\377\000R\000e\000f\000e\000r\000e\000n\000c\000e\000s}{}% 32
