\BOOKMARK [1][-]{section*.1}{\376\377\000A\000b\000s\000t\000r\000a\000c\000t}{}% 1
\BOOKMARK [1][-]{section.1}{\376\377\0001\000\040\137\025\212\000}{}% 2
\BOOKMARK [2][-]{subsection.1.1}{\376\377\0001\000.\0001\000\040\170\024\172\166\200\314\146\157\116\016\122\250\147\072}{section.1}% 3
\BOOKMARK [2][-]{subsection.1.2}{\376\377\0001\000.\0002\000\040\116\016\135\362\147\011\135\345\117\134\166\204\135\356\215\335}{section.1}% 4
\BOOKMARK [2][-]{subsection.1.3}{\376\377\0001\000.\0003\000\040\147\054\145\207\145\271\154\325}{section.1}% 5
\BOOKMARK [2][-]{subsection.1.4}{\376\377\0001\000.\0004\000\040\116\073\211\201\176\323\147\234}{section.1}% 6
\BOOKMARK [2][-]{subsection.1.5}{\376\377\0001\000.\0005\000\040\215\041\163\056}{section.1}% 7
\BOOKMARK [1][-]{section.2}{\376\377\0002\000\040\166\370\121\163\135\345\117\134}{}% 8
\BOOKMARK [2][-]{subsection.2.1}{\376\377\0002\000.\0001\000\040\213\241\145\366\116\000\201\364\140\047\116\016\123\112\232\154\134\024\123\357\131\053}{section.2}% 9
\BOOKMARK [2][-]{subsection.2.2}{\376\377\0002\000.\0002\000\040\177\121\176\334\142\245\145\207\134\102\162\266\140\001\147\072}{section.2}% 10
\BOOKMARK [2][-]{subsection.2.3}{\376\377\0002\000.\0003\000\040\217\336\176\355\143\247\122\066\134\102\116\016\117\341\140\157\162\151\164\006\133\211\121\150}{section.2}% 11
\BOOKMARK [2][-]{subsection.2.4}{\376\377\0002\000.\0004\000\040\136\217\122\027\150\300\232\214\060\001\121\161\137\142\230\204\155\113\116\016\226\220\205\075\145\073\121\373\165\114}{section.2}% 12
\BOOKMARK [2][-]{subsection.2.5}{\376\377\0002\000.\0005\000\040\217\307\172\013\143\026\143\230\116\055\166\204\116\000\201\364\140\047\150\300\147\345}{section.2}% 13
\BOOKMARK [2][-]{subsection.2.6}{\376\377\0002\000.\0006\000\040\147\054\145\207\133\232\117\115}{section.2}% 14
\BOOKMARK [1][-]{section.3}{\376\377\0003\000\040\225\356\230\230\143\317\217\360\116\016\132\001\200\301\152\041\127\213}{}% 15
\BOOKMARK [2][-]{subsection.3.1}{\376\377\0003\000.\0001\000\040\124\175\116\344\040\023\162\266\140\001\126\336\163\257}{section.3}% 16
\BOOKMARK [2][-]{subsection.3.2}{\376\377\0003\000.\0002\000\040\143\007\155\076\221\115\133\371\116\016\123\357\210\114\140\047\143\251\170\001}{section.3}% 17
\BOOKMARK [2][-]{subsection.3.3}{\376\377\0003\000.\0003\000\040\136\372\152\041\120\107\213\276}{section.3}% 18
\BOOKMARK [2][-]{subsection.3.4}{\376\377\0003\000.\0004\000\040\145\073\121\373\174\173\127\213\116\016\220\032\220\123\211\206\166\326}{section.3}% 19
\BOOKMARK [2][-]{subsection.3.5}{\376\377\0003\000.\0005\000\040\150\300\155\113\225\356\230\230}{section.3}% 20
\BOOKMARK [1][-]{section.4}{\376\377\0004\000\040\150\300\155\113\145\271\154\325}{}% 21
\BOOKMARK [2][-]{subsection.4.1}{\376\377\0004\000.\0001\000\040\140\073\117\123\147\266\147\204}{section.4}% 22
\BOOKMARK [2][-]{subsection.4.2}{\376\377\0004\000.\0002\000\040\170\154\134\102\123\357\210\114\140\047\116\016\143\007\155\076\040\023\133\214\142\020}{section.4}% 23
\BOOKMARK [2][-]{subsection.4.3}{\376\377\0004\000.\0003\000\040\176\323\147\204\220\032\220\123}{section.4}% 24
\BOOKMARK [2][-]{subsection.4.4}{\376\377\0004\000.\0004\000\040\123\112\232\154\134\024\123\357\131\053\145\366\136\217\220\032\220\123}{section.4}% 25
\BOOKMARK [2][-]{subsection.4.5}{\376\377\0004\000.\0005\000\040\121\161\137\142\150\041\121\306\116\016\136\217\215\057\175\057\171\357}{section.4}% 26
\BOOKMARK [2][-]{subsection.4.6}{\376\377\0004\000.\0006\000\040\225\350\143\247\146\364\145\260\116\016\131\015\147\102\136\246}{section.4}% 27
\BOOKMARK [1][-]{section.5}{\376\377\0005\000\040\164\006\213\272\122\006\147\220}{}% 28
\BOOKMARK [2][-]{subsection.5.1}{\376\377\0005\000.\0001\000\040\116\305\150\007\173\176\226\010\120\074\145\317\133\371\150\007\173\176\201\352\155\075\154\350\121\145\166\204\116\015\123\357\200\375\140\047}{section.5}% 29
\BOOKMARK [2][-]{subsection.5.2}{\376\377\0005\000.\0002\000\040\122\006\136\003\127\213\145\366\225\177\116\016\145\366\224\237\133\210\123\153}{section.5}% 30
\BOOKMARK [2][-]{subsection.5.3}{\376\377\0005\000.\0003\000\040\211\304\220\177\150\300\155\113\166\204\142\242\215\321\221\317\116\012\165\114}{section.5}% 31
\BOOKMARK [1][-]{section.6}{\376\377\0006\000\040\133\236\232\214\116\016\176\323\147\234\122\006\147\220}{}% 32
\BOOKMARK [2][-]{subsection.6.1}{\376\377\0006\000.\0001\000\040\133\236\232\214\213\276\177\156}{section.6}% 33
\BOOKMARK [2][-]{subsection.6.2}{\376\377\0006\000.\0002\000\040\116\016\213\241\145\366\201\352\122\250\147\072\123\312\123\112\232\154\134\024\123\357\131\053\166\204\133\371\161\147}{section.6}% 34
\BOOKMARK [2][-]{subsection.6.3}{\376\377\0006\000.\0003\000\040\155\210\207\215}{section.6}% 35
\BOOKMARK [2][-]{subsection.6.4}{\376\377\0006\000.\0004\000\040\142\242\215\321\221\317\116\016\164\006\213\272\165\114}{section.6}% 36
\BOOKMARK [2][-]{subsection.6.5}{\376\377\0006\000.\0005\000\040\220\350\177\162\123\343\137\204\116\016\220\002\165\050\217\271\165\114}{section.6}% 37
\BOOKMARK [1][-]{section.7}{\376\377\0007\000\040\176\323\213\272}{}% 38
\BOOKMARK [2][-]{subsection.7.1}{\376\377\0007\000.\0001\000\040\176\323\213\272\116\016\215\041\163\056}{section.7}% 39
\BOOKMARK [2][-]{subsection.7.2}{\376\377\0007\000.\0002\000\040\134\100\226\120}{section.7}% 40
\BOOKMARK [2][-]{subsection.7.3}{\376\377\0007\000.\0003\000\040\147\052\147\145\135\345\117\134}{section.7}% 41
\BOOKMARK [1][-]{section.8}{\376\377\0008\000\040\145\160\143\156\123\357\165\050\140\047}{}% 42
\BOOKMARK [1][-]{section*.25}{\376\377\000A\000c\000k\000n\000o\000w\000l\000e\000d\000g\000m\000e\000n\000t\000s}{}% 43
\BOOKMARK [1][-]{section*.27}{\376\377\000R\000e\000f\000e\000r\000e\000n\000c\000e\000s}{}% 44
