\BOOKMARK [1][-]{section*.1}{\376\377\000A\000b\000s\000t\000r\000a\000c\000t}{}% 1
\BOOKMARK [1][-]{section.1}{\376\377\0001\000\040\137\025\212\000}{}% 2
\BOOKMARK [1][-]{section.2}{\376\377\0002\000\040\166\370\121\163\135\345\117\134}{}% 3
\BOOKMARK [2][-]{subsection.2.1}{\376\377\0002\000.\0001\000\040\116\213\116\366\211\346\123\321\116\016\142\334\123\140\136\255\121\161\213\306}{section.2}% 4
\BOOKMARK [2][-]{subsection.2.2}{\376\377\0002\000.\0002\000\040\227\136\211\346\123\321\145\073\121\373\227\142}{section.2}% 5
\BOOKMARK [2][-]{subsection.2.3}{\376\377\0002\000.\0003\000\040\123\357\225\356\215\043\140\047\060\001\124\310\136\014\224\376\116\016\135\345\116\032\137\303\215\363}{section.2}% 6
\BOOKMARK [2][-]{subsection.2.4}{\376\377\0002\000.\0004\000\040\123\117\117\134\213\244\213\301\116\016\211\301\213\301\137\017\116\222\213\301}{section.2}% 7
\BOOKMARK [2][-]{subsection.2.5}{\376\377\0002\000.\0005\000\040\135\345\116\032\214\003\136\246\134\102\166\204\220\073\217\221\162\266\140\001\117\052\220\040}{section.2}% 8
\BOOKMARK [1][-]{section.3}{\376\377\0003\000\040\174\373\176\337\152\041\127\213\116\016\132\001\200\301\152\041\127\213}{}% 9
\BOOKMARK [2][-]{subsection.3.1}{\376\377\0003\000.\0001\000\040\174\373\176\337\147\204\142\020\116\016\137\142\137\017\123\026\133\371\214\141}{section.3}% 10
\BOOKMARK [2][-]{subsection.3.2}{\376\377\0003\000.\0002\000\040\155\210\140\157\126\336\163\257}{section.3}% 11
\BOOKMARK [2][-]{subsection.3.3}{\376\377\0003\000.\0003\000\040\132\001\200\301\152\041\127\213}{section.3}% 12
\BOOKMARK [2][-]{subsection.3.4}{\376\377\0003\000.\0004\000\040\145\073\121\373\174\173\127\213\116\016\150\300\155\113\220\032\220\123\211\206\166\326\167\351\226\065}{section.3}% 13
\BOOKMARK [1][-]{section.4}{\376\377\0004\000\040\150\300\155\113\145\271\154\325}{}% 14
\BOOKMARK [2][-]{subsection.4.1}{\376\377\0004\000.\0001\000\040\140\073\117\123\147\266\147\204}{section.4}% 15
\BOOKMARK [2][-]{subsection.4.2}{\376\377\0004\000.\0002\000\040\200\046\124\010\116\222\213\301}{section.4}% 16
\BOOKMARK [2][-]{subsection.4.3}{\376\377\0004\000.\0003\000\040\123\357\225\356\215\043\154\211\236\330}{section.4}% 17
\BOOKMARK [2][-]{subsection.4.4}{\376\377\0004\000.\0004\000\040\124\010\165\050\116\016\137\122\126\340}{section.4}% 18
\BOOKMARK [2][-]{subsection.4.5}{\376\377\0004\000.\0005\000\040\211\206\166\326\116\016\116\062\214\013\165\114\166\204\213\276\213\241\227\142}{section.4}% 19
\BOOKMARK [2][-]{subsection.4.6}{\376\377\0004\000.\0006\000\040\131\015\147\102\136\246\116\016\133\306\170\001\230\204\173\227}{section.4}% 20
\BOOKMARK [1][-]{section.5}{\376\377\0005\000\040\164\006\213\272\122\006\147\220}{}% 21
\BOOKMARK [2][-]{subsection.5.1}{\376\377\0005\000.\0001\000\040\116\062\214\013\165\114}{section.5}% 22
\BOOKMARK [2][-]{subsection.5.2}{\376\377\0005\000.\0002\000\040\136\046\133\275\040\023\133\211\121\150\210\325\136\246\147\103\210\141}{section.5}% 23
\BOOKMARK [1][-]{section.6}{\376\377\0006\000\040\133\236\232\214\213\304\117\060}{}% 24
\BOOKMARK [2][-]{subsection.6.1}{\376\377\0006\000.\0001\000\040\133\236\232\214\213\276\177\156}{section.6}% 25
\BOOKMARK [2][-]{subsection.6.2}{\376\377\0006\000.\0002\000\040\173\054\116\000\150\143\377\032\123\125\211\302\155\113\200\005\176\323\147\204\140\047\131\061\145\110}{section.6}% 26
\BOOKMARK [2][-]{subsection.6.3}{\376\377\0006\000.\0003\000\040\173\054\116\214\150\143\377\032\211\301\213\301\220\011\123\326\123\237\122\031\377\010\116\073\176\323\147\234\377\011}{section.6}% 27
\BOOKMARK [2][-]{subsection.6.4}{\376\377\0006\000.\0004\000\040\155\210\207\215\116\016\211\206\166\326\167\351\226\065}{section.6}% 28
\BOOKMARK [2][-]{subsection.6.5}{\376\377\0006\000.\0005\000\040\173\054\116\011\060\001\126\333\150\143\116\016\230\204\173\227\142\153\123\302}{section.6}% 29
\BOOKMARK [1][-]{section.7}{\376\377\0007\000\040\134\100\226\120\116\016\176\323\213\272}{}% 30
\BOOKMARK [2][-]{subsection.7.1}{\376\377\0007\000.\0001\000\040\134\100\226\120}{section.7}% 31
\BOOKMARK [2][-]{subsection.7.2}{\376\377\0007\000.\0002\000\040\176\323\213\272}{section.7}% 32
\BOOKMARK [1][-]{section*.23}{\376\377\000R\000e\000f\000e\000r\000e\000n\000c\000e\000s}{}% 33
