\BOOKMARK [1][-]{section*.1}{\376\377\000A\000b\000s\000t\000r\000a\000c\000t}{}% 1
\BOOKMARK [1][-]{section.1}{\376\377\0001\000\040\137\025\212\000}{}% 2
\BOOKMARK [2][-]{subsection.1.1}{\376\377\0001\000.\0001\000\040\170\024\172\166\200\314\146\157\116\016\122\250\147\072}{section.1}% 3
\BOOKMARK [2][-]{subsection.1.2}{\376\377\0001\000.\0002\000\040\116\016\147\000\143\245\217\321\135\345\117\134\166\204\135\356\215\335}{section.1}% 4
\BOOKMARK [2][-]{subsection.1.3}{\376\377\0001\000.\0003\000\040\147\054\145\207\145\271\154\325}{section.1}% 5
\BOOKMARK [2][-]{subsection.1.4}{\376\377\0001\000.\0004\000\040\116\073\211\201\176\323\147\234}{section.1}% 6
\BOOKMARK [2][-]{subsection.1.5}{\376\377\0001\000.\0005\000\040\133\236\232\214\123\117\213\256}{section.1}% 7
\BOOKMARK [2][-]{subsection.1.6}{\376\377\0001\000.\0006\000\040\213\272\145\207\176\304\176\307}{section.1}% 8
\BOOKMARK [1][-]{section.2}{\376\377\0002\000\040\166\370\121\163\135\345\117\134}{}% 9
\BOOKMARK [2][-]{subsection.2.1}{\376\377\0002\000.\0001\000\040\200\003\206\121\217\320\217\223\166\204\147\324\140\047\117\134\116\032\217\146\225\364\214\003\136\246}{section.2}% 10
\BOOKMARK [2][-]{subsection.2.2}{\376\377\0002\000.\0002\000\040\116\373\122\241\131\026\165\037\166\204\145\340\121\262\172\201\215\357\165\061\116\016\142\345\130\065\141\037\167\345\155\076\217\146}{section.2}% 11
\BOOKMARK [2][-]{subsection.2.3}{\376\377\0002\000.\0003\000\040\214\003\136\246\116\016\145\340\121\262\172\201\215\357\165\061\166\204\116\000\117\123\123\026\000:\123\315\231\210\155\361\136\246\116\016\147\054\145\207\133\232\117\115}{section.2}% 12
\BOOKMARK [1][-]{section.3}{\376\377\0003\000\040\225\356\230\230\143\317\217\360\116\016\145\160\133\146\152\041\127\213}{}% 13
\BOOKMARK [2][-]{subsection.3.1}{\376\377\0003\000.\0001\000\040\225\356\230\230\143\317\217\360}{section.3}% 14
\BOOKMARK [2][-]{subsection.3.2}{\376\377\0003\000.\0002\000\040\136\372\152\041\120\107\213\276}{section.3}% 15
\BOOKMARK [2][-]{subsection.3.3}{\376\377\0003\000.\0003\000\040\121\263\173\126\123\330\221\317\116\016\155\076\165\037\166\204\217\320\217\223\116\373\122\241}{section.3}% 16
\BOOKMARK [2][-]{subsection.3.4}{\376\377\0003\000.\0004\000\040\145\366\136\217\121\163\174\373\116\016\123\357\210\114\140\047\147\141\116\366}{section.3}% 17
\BOOKMARK [2][-]{subsection.3.5}{\376\377\0003\000.\0005\000\040\116\016\000\040\000F\000J\000S\000P\000\137\000P\000T\000\040\166\204\121\163\174\373}{section.3}% 18
\BOOKMARK [2][-]{subsection.3.6}{\376\377\0003\000.\0006\000\040\213\241\173\227\131\015\147\102\136\246}{section.3}% 19
\BOOKMARK [2][-]{subsection.3.7}{\376\377\0003\000.\0007\000\040\173\227\117\213\162\171\137\201\166\204\122\073\165\073}{section.3}% 20
\BOOKMARK [1][-]{section.4}{\376\377\0004\000\040\225\355\163\257\123\314\134\102\150\106\147\266}{}% 21
\BOOKMARK [2][-]{subsection.4.1}{\376\377\0004\000.\0001\000\040\150\106\147\266\140\073\211\310\000:\116\044\147\141\123\315\231\210\220\032\215\357}{section.4}% 22
\BOOKMARK [2][-]{subsection.4.2}{\376\377\0004\000.\0002\000\040\116\013\134\102\000:\145\366\225\364\172\227\230\204\176\246\116\016\145\340\121\262\172\201\215\357\165\061}{section.4}% 23
\BOOKMARK [2][-]{subsection.4.3}{\376\377\0004\000.\0003\000\040\116\012\134\102\000:\177\026\170\001\116\016\116\213\116\366\232\161\122\250\211\343\170\001}{section.4}% 24
\BOOKMARK [2][-]{subsection.4.4}{\376\377\0004\000.\0004\000\040\230\204\176\246\210\150\141\037\167\345\166\204\217\146\217\206\155\076\220\143}{section.4}% 25
\BOOKMARK [2][-]{subsection.4.5}{\376\377\0004\000.\0005\000\040\226\115\147\054\000:\123\357\221\307\176\263\116\013\165\114\122\152\147\235\116\016\200\334\200\005\215\357\137\204\131\015\165\050}{section.4}% 26
\BOOKMARK [2][-]{subsection.4.6}{\376\377\0004\000.\0006\000\040\121\262\172\201\122\066\133\374\134\100\220\350\144\034\175\042}{section.4}% 27
\BOOKMARK [2][-]{subsection.4.7}{\376\377\0004\000.\0007\000\040\131\026\134\102\220\127\117\040\173\227\154\325}{section.4}% 28
\BOOKMARK [2][-]{subsection.4.8}{\376\377\0004\000.\0008\000\040\131\015\147\102\136\246\116\016\116\343\116\367\122\006\147\220}{section.4}% 29
\BOOKMARK [1][-]{section.5}{\376\377\0005\000\040\133\236\232\214\116\016\176\323\147\234\122\006\147\220}{}% 30
\BOOKMARK [2][-]{subsection.5.1}{\376\377\0005\000.\0001\000\040\133\236\232\214\213\276\177\156}{section.5}% 31
\BOOKMARK [2][-]{subsection.5.2}{\376\377\0005\000.\0002\000\040\126\333\176\247\127\372\176\277\226\066\150\257}{section.5}% 32
\BOOKMARK [2][-]{subsection.5.3}{\376\377\0005\000.\0003\000\040\116\073\176\323\147\234}{section.5}% 33
\BOOKMARK [2][-]{subsection.5.4}{\376\377\0005\000.\0004\000\040\116\073\145\110\136\224\060\001\153\041\145\110\136\224\116\016\116\015\123\357\146\377\116\343\140\047}{section.5}% 34
\BOOKMARK [2][-]{subsection.5.5}{\376\377\0005\000.\0005\000\040\220\020\126\340\133\120\145\317\166\204\172\063\120\145\140\047\000,\116\345\123\312\220\020\150\074\122\006\217\250\163\207\166\204\226\120\136\246}{section.5}% 35
\BOOKMARK [2][-]{subsection.5.6}{\376\377\0005\000.\0006\000\040\155\210\207\215\116\016\123\327\143\247\215\037\133\371\161\147}{section.5}% 36
\BOOKMARK [2][-]{subsection.5.7}{\376\377\0005\000.\0007\000\040\116\343\116\367\137\213\116\016\226\115\147\054\145\110\147\234}{section.5}% 37
\BOOKMARK [2][-]{subsection.5.8}{\376\377\0005\000.\0008\000\040\150\110\117\213\122\006\147\220\000:\165\030\162\171\126\376\116\016\121\163\225\056\224\376\137\122\126\340}{section.5}% 38
\BOOKMARK [1][-]{section.6}{\376\377\0006\000\040\176\323\213\272}{}% 39
\BOOKMARK [2][-]{subsection.6.1}{\376\377\0006\000.\0001\000\040\176\323\213\272\116\016\215\041\163\056}{section.6}% 40
\BOOKMARK [2][-]{subsection.6.2}{\376\377\0006\000.\0002\000\040\116\073\211\201\155\036\211\301}{section.6}% 41
\BOOKMARK [2][-]{subsection.6.3}{\376\377\0006\000.\0003\000\040\134\100\226\120}{section.6}% 42
\BOOKMARK [2][-]{subsection.6.4}{\376\377\0006\000.\0004\000\040\147\052\147\145\135\345\117\134}{section.6}% 43
\BOOKMARK [1][-]{section*.43}{\376\377\000R\000e\000f\000e\000r\000e\000n\000c\000e\000s}{}% 44
