\BOOKMARK [1][-]{section*.1}{\376\377\000A\000b\000s\000t\000r\000a\000c\000t}{}% 1
\BOOKMARK [1][-]{section.1}{\376\377\0001\000\040\137\025\212\000}{}% 2
\BOOKMARK [2][-]{subsection.1.1}{\376\377\0001\000.\0001\000\040\200\314\146\157\116\016\122\250\147\072}{section.1}% 3
\BOOKMARK [2][-]{subsection.1.2}{\376\377\0001\000.\0002\000\040\116\373\122\241\126\376\211\206\166\326\116\015\122\060\166\204\177\072\123\343}{section.1}% 4
\BOOKMARK [2][-]{subsection.1.3}{\376\377\0001\000.\0003\000\040\116\073\137\040\116\016\145\271\154\325\230\204\124\112}{section.1}% 5
\BOOKMARK [2][-]{subsection.1.4}{\376\377\0001\000.\0004\000\040\215\041\163\056}{section.1}% 6
\BOOKMARK [2][-]{subsection.1.5}{\376\377\0001\000.\0005\000\040\116\016\227\131\140\001\116\000\117\123\123\026\143\222\172\013\135\345\117\134\166\204\121\163\174\373}{section.1}% 7
\BOOKMARK [2][-]{subsection.1.6}{\376\377\0001\000.\0006\000\040\173\307\172\340\176\323\147\204}{section.1}% 8
\BOOKMARK [1][-]{section.2}{\376\377\0002\000\040\166\370\121\163\135\345\117\134}{}% 9
\BOOKMARK [2][-]{subsection.2.1}{\376\377\0002\000.\0001\000\040\116\373\122\241\126\376\116\016\145\366\225\364\217\164\116\012\166\204\137\161\124\315\217\271\165\114}{section.2}% 10
\BOOKMARK [2][-]{subsection.2.2}{\376\377\0002\000.\0002\000\040\213\251\210\114\126\376\135\362\147\011\121\110\117\213\000:\000a\000l\000t\000e\000r\000n\000a\000t\000i\000v\000e\000\040\000g\000r\000a\000p\000h\000\040\116\016\224\301\215\357\133\236\145\366\221\315\214\003\136\246}{section.2}% 11
\BOOKMARK [2][-]{subsection.2.3}{\376\377\0002\000.\0003\000\040\145\340\116\373\122\241\126\376\166\204\134\100\220\350\221\315\211\304\122\022\000:\000M\000A\000P\000F\000\040\166\204\000\040\000R\000e\000p\000l\000a\000n\000\040\000A\000f\000f\000e\000c\000t\000e\000d}{section.2}% 12
\BOOKMARK [2][-]{subsection.2.4}{\376\377\0002\000.\0004\000\040\116\044\137\040\126\376\136\166\133\130\166\204\127\072\124\010\000:\200\003\206\121\217\320\217\223\166\204\147\324\140\047\117\134\116\032\217\146\225\364}{section.2}% 13
\BOOKMARK [2][-]{subsection.2.5}{\376\377\0002\000.\0005\000\040\147\054\145\207\133\232\117\115\000,\116\345\123\312\147\054\145\207\116\015\116\073\137\040\116\300\116\110}{section.2}% 14
\BOOKMARK [1][-]{section.3}{\376\377\0003\000\040\225\356\230\230\143\317\217\360}{}% 15
\BOOKMARK [2][-]{subsection.3.1}{\376\377\0003\000.\0001\000\040\174\373\176\337\213\276\133\232\116\016\213\260\123\367}{section.3}% 16
\BOOKMARK [2][-]{subsection.3.2}{\376\377\0003\000.\0002\000\040\120\107\213\276\000:\116\316\227\131\140\001\133\214\131\007\122\060\142\147\210\114\147\037\142\160\122\250}{section.3}% 17
\BOOKMARK [2][-]{subsection.3.3}{\376\377\0003\000.\0003\000\040\142\160\122\250\116\214\122\006}{section.3}% 18
\BOOKMARK [2][-]{subsection.3.4}{\376\377\0003\000.\0004\000\040\140\142\131\015\225\356\230\230}{section.3}% 19
\BOOKMARK [1][-]{section.4}{\376\377\0004\000\040\145\366\172\172\230\204\176\246\137\161\124\315\225\355\123\005}{}% 20
\BOOKMARK [2][-]{subsection.4.1}{\376\377\0004\000.\0001\000\040\230\204\176\246\117\235\215\126\217\271}{section.4}% 21
\BOOKMARK [2][-]{subsection.4.2}{\376\377\0004\000.\0002\000\040\123\005\124\053\140\047}{section.4}% 22
\BOOKMARK [2][-]{subsection.4.3}{\376\377\0004\000.\0003\000\040\176\323\147\204\123\357\230\204\155\113\140\047}{section.4}% 23
\BOOKMARK [1][-]{section.5}{\376\377\0005\000\040\225\355\123\005\116\012\166\204\147\011\165\114\117\356\131\015}{}% 24
\BOOKMARK [2][-]{subsection.5.1}{\376\377\0005\000.\0001\000\040\221\312\145\076\060\001\121\273\176\323\116\016\173\054\000\040\0001\000\040\176\247\145\071\215\357}{section.5}% 25
\BOOKMARK [2][-]{subsection.5.2}{\376\377\0005\000.\0002\000\040\131\061\215\045\142\151\127\337\121\215\117\356}{section.5}% 26
\BOOKMARK [2][-]{subsection.5.3}{\376\377\0005\000.\0003\000\040\116\016\121\150\134\100\221\315\211\343\166\204\133\371\161\147}{section.5}% 27
\BOOKMARK [1][-]{section.6}{\376\377\0006\000\040\133\236\232\214}{}% 28
\BOOKMARK [2][-]{subsection.6.1}{\376\377\0006\000.\0001\000\040\123\117\213\256}{section.6}% 29
\BOOKMARK [2][-]{subsection.6.2}{\376\377\0006\000.\0002\000\040\000E\0001\000:\116\373\122\241\126\376\157\017\142\245}{section.6}% 30
\BOOKMARK [2][-]{subsection.6.3}{\376\377\0006\000.\0003\000\040\000E\0002\000:\123\005\124\053\140\047}{section.6}% 31
\BOOKMARK [2][-]{subsection.6.4}{\376\377\0006\000.\0004\000\040\000E\0003\000:\217\271\165\114\155\210\207\215}{section.6}% 32
\BOOKMARK [2][-]{subsection.6.5}{\376\377\0006\000.\0005\000\040\000E\0006\000:\142\160\122\250\174\173\127\213\116\016\217\271\165\114\133\232\116\111\166\204\116\244\123\311}{section.6}% 33
\BOOKMARK [2][-]{subsection.6.6}{\376\377\0006\000.\0006\000\040\150\110\117\213\165\030\162\171}{section.6}% 34
\BOOKMARK [2][-]{subsection.6.7}{\376\377\0006\000.\0007\000\040\000E\0004\000:\176\323\147\204\000\050\143\242\175\042\000\051}{section.6}% 35
\BOOKMARK [2][-]{subsection.6.8}{\376\377\0006\000.\0008\000\040\000E\0005\000:\116\016\121\150\134\100\221\315\211\343\166\204\147\103\210\141}{section.6}% 36
\BOOKMARK [2][-]{subsection.6.9}{\376\377\0006\000.\0009\000\040\000E\0007\000:\117\277\133\234\166\204\123\357\221\307\176\263\133\371\161\147}{section.6}% 37
\BOOKMARK [2][-]{subsection.6.10}{\376\377\0006\000.\0001\0000\000\040\142\160\122\250\211\304\152\041\142\153\143\317}{section.6}% 38
\BOOKMARK [2][-]{subsection.6.11}{\376\377\0006\000.\0001\0001\000\040\000E\0008\000:\173\227\117\213\211\304\152\041\116\012\166\204\131\026\143\250}{section.6}% 39
\BOOKMARK [2][-]{subsection.6.12}{\376\377\0006\000.\0001\0002\000\040\131\026\220\350\136\003\134\100\142\171\153\041\166\204\131\015\163\260}{section.6}% 40
\BOOKMARK [2][-]{subsection.6.13}{\376\377\0006\000.\0001\0003\000\040\134\017\176\323}{section.6}% 41
\BOOKMARK [1][-]{section.7}{\376\377\0007\000\040\176\323\213\272}{}% 42
\BOOKMARK [2][-]{subsection.7.1}{\376\377\0007\000.\0001\000\040\176\323\213\272}{section.7}% 43
\BOOKMARK [2][-]{subsection.7.2}{\376\377\0007\000.\0002\000\040\134\100\226\120}{section.7}% 44
\BOOKMARK [2][-]{subsection.7.3}{\376\377\0007\000.\0003\000\040\124\016\176\355\135\345\117\134}{section.7}% 45
\BOOKMARK [1][-]{section*.22}{\376\377\000R\000e\000f\000e\000r\000e\000n\000c\000e\000s}{}% 46
